******************************************************************************
            TI ARM Clang Linker PC v4.0.3                      
******************************************************************************
>> Linked Sat Jun  6 20:21:31 2026

OUTPUT FILE NAME:   <empty.out>
ENTRY POINT SYMBOL: "_c_int00_noargs"  address: 00001829


MEMORY CONFIGURATION

         name            origin    length      used     unused   attr    fill
----------------------  --------  ---------  --------  --------  ----  --------
  FLASH                 00000000   00020000  00002008  0001dff8  R  X
  SRAM                  20200000   00008000  00000392  00007c6e  RW X
  BCR_CONFIG            41c00000   000000ff  00000000  000000ff  R   
  BSL_CONFIG            41c00100   00000080  00000000  00000080  R   


SEGMENT ALLOCATION MAP

run origin  load origin   length   init length attrs members
----------  ----------- ---------- ----------- ----- -------
00000000    00000000    00002008   00002008    r-x
  00000000    00000000    000000c0   000000c0    r-- .intvecs
  000000c0    000000c0    000018c0   000018c0    r-x .text
  00001980    00001980    00000640   00000640    r-- .rodata
  00001fc0    00001fc0    00000048   00000048    r-- .cinit
20200000    20200000    00000192   00000000    rw-
  20200000    20200000    00000164   00000000    rw- .bss
  20200164    20200164    0000002e   00000000    rw- .data
20207e00    20207e00    00000200   00000000    rw-
  20207e00    20207e00    00000200   00000000    rw- .stack


SECTION ALLOCATION MAP

 output                                  attributes/
section   page    origin      length       input sections
--------  ----  ----------  ----------   ----------------
.intvecs   0    00000000    000000c0     
                  00000000    000000c0     startup_mspm0g350x_ticlang.o (.intvecs)

.text      0    000000c0    000018c0     
                  000000c0    00000374     OLED.o (.text.OLED_WriteCommand)
                  00000434    00000364     OLED.o (.text.OLED_WriteData)
                  00000798    00000258     OLED.o (.text.OLED_Init)
                  000009f0    00000170     empty.o (.text.main)
                  00000b60    00000104     driverlib.a : dl_timer.o (.text.DL_Timer_initFourCCPWMMode)
                  00000c64    000000fc                 : dl_timer.o (.text.DL_Timer_initTimerMode)
                  00000d60    000000d8     libclang_rt.builtins.a : addsf3.S.obj (.text)
                  00000e38    000000c4     OLED.o (.text.OLED_ShowChar)
                  00000efc    000000bc     PID.o (.text.PID_Update)
                  00000fb8    0000009a     libc.a : memcpy16.S.obj (.text:memcpy)
                  00001052    00000002     startup_mspm0g350x_ticlang.o (.text.Default_Handler)
                  00001054    0000008c     libclang_rt.builtins.a : mulsf3.S.obj (.text.__mulsf3)
                  000010e0    00000080     ti_msp_dl_config.o (.text.SYSCFG_DL_GPIO_init)
                  00001160    0000007c     libc.a : copy_decompress_lzss.c.obj (.text:decompress:lzss)
                  000011dc    00000070     ti_msp_dl_config.o (.text.SYSCFG_DL_PWM_A_init)
                  0000124c    00000070     ti_msp_dl_config.o (.text.SYSCFG_DL_PWM_B_init)
                  000012bc    00000070     ti_msp_dl_config.o (.text.SYSCFG_DL_UART_0_init)
                  0000132c    0000006c     xunji.o (.text.f1)
                  00001398    00000062     libclang_rt.builtins.a : aeabi_fcmp.S.obj (.text.__aeabi_fcmp)
                  000013fa    00000002     Key.o (.text.Key_Init)
                  000013fc    00000060     ti_msp_dl_config.o (.text.SYSCFG_DL_initPower)
                  0000145c    00000054     OLED.o (.text.OLED_ShowString)
                  000014b0    00000048     driverlib.a : dl_uart.o (.text.DL_UART_init)
                  000014f8    00000048     ti_msp_dl_config.o (.text.SYSCFG_DL_ADC12_0_init)
                  00001540    00000040     driverlib.a : dl_adc12.o (.text.DL_ADC12_setClockConfig)
                  00001580    00000040     ti_msp_dl_config.o (.text.SYSCFG_DL_SYSCTL_init)
                  000015c0    0000003c     ti_msp_dl_config.o (.text.SYSCFG_DL_init)
                  000015fc    0000003c     libclang_rt.builtins.a : floatsisf.S.obj (.text.__floatsisf)
                  00001638    0000003c                            : comparesf2.S.obj (.text.__gtsf2)
                  00001674    0000003c     libc.a : autoinit.c.obj (.text:__TI_auto_init_nobinit_nopinit)
                  000016b0    0000003a     libclang_rt.builtins.a : comparesf2.S.obj (.text.__eqsf2)
                  000016ea    00000002     xunji.o (.text.xunji_Init)
                  000016ec    0000003a     libclang_rt.builtins.a : muldsi3.S.obj (.text.__muldsi3)
                  00001726    00000002     --HOLE-- [fill = 0]
                  00001728    00000038     ti_msp_dl_config.o (.text.SYSCFG_DL_TIMER_0_init)
                  00001760    00000038     empty.o (.text.TIMA0_IRQHandler)
                  00001798    00000038     libclang_rt.builtins.a : fixsfsi.S.obj (.text.__fixsfsi)
                  000017d0    0000002c     Motor.o (.text.MotorA_SetPWM)
                  000017fc    0000002c     Motor.o (.text.MotorB_SetPWM)
                  00001828    00000028     libc.a : boot_cortex_m.c.obj (.text:_c_int00_noargs)
                  00001850    00000020     PWM.o (.text.PWM_SetDuty_CH0)
                  00001870    00000020     PWM.o (.text.PWM_SetDuty_CH1)
                  00001890    0000001c     driverlib.a : dl_timer.o (.text.DL_Timer_setCaptCompUpdateMethod)
                  000018ac    0000001c                 : dl_timer.o (.text.DL_Timer_setClockConfig)
                  000018c8    0000001c     PWM.o (.text.PWM_Init)
                  000018e4    00000018     driverlib.a : dl_timer.o (.text.DL_Timer_setCaptureCompareOutCtl)
                  000018fc    00000016     libc.a : copy_zero_init.c.obj (.text:decompress:ZI:__TI_zero_init_nomemset)
                  00001912    00000012     driverlib.a : dl_uart.o (.text.DL_UART_setClockConfig)
                  00001924    00000012     libc.a : copy_decompress_none.c.obj (.text:decompress:none)
                  00001936    00000002     --HOLE-- [fill = 0]
                  00001938    00000010     driverlib.a : dl_timer.o (.text.DL_Timer_setCaptureCompareValue)
                  00001948    0000000c     LED.o (.text.LED_Init)
                  00001954    0000000a     driverlib.a : dl_common.o (.text.DL_Common_delayCycles)
                  0000195e    00000002     --HOLE-- [fill = 0]
                  00001960    00000008     libclang_rt.builtins.a : aeabi_memcpy.S.obj (.text.__aeabi_memcpy)
                  00001968    00000006     libc.a : exit.c.obj (.text:abort)
                  0000196e    00000004     libsysbm.a : hostexit.c.obj (.text.HOSTexit)
                  00001972    00000004     startup_mspm0g350x_ticlang.o (.text.Reset_Handler)
                  00001976    00000004     libc.a : pre_init.c.obj (.text._system_pre_init)
                  0000197a    00000006     --HOLE-- [fill = 0]

.cinit     0    00001fc0    00000048     
                  00001fc0    0000001f     (.cinit..data.load) [load image, compression = lzss]
                  00001fdf    00000001     --HOLE-- [fill = 0]
                  00001fe0    0000000c     (__TI_handler_table)
                  00001fec    00000008     (.cinit..bss.load) [load image, compression = zero_init]
                  00001ff4    00000010     (__TI_cinit_table)
                  00002004    00000004     --HOLE-- [fill = 0]

.rodata    0    00001980    00000640     
                  00001980    000005f0     OLED.o (.rodata.OLED_F8x16)
                  00001f70    00000014     ti_msp_dl_config.o (.rodata.gTIMER_0TimerConfig)
                  00001f84    0000000a     ti_msp_dl_config.o (.rodata.gUART_0Config)
                  00001f8e    00000009     empty.o (.rodata.str1.9517790425240694019.1)
                  00001f97    00000001     --HOLE-- [fill = 0]
                  00001f98    00000008     ti_msp_dl_config.o (.rodata.gADC12_0ClockConfig)
                  00001fa0    00000008     ti_msp_dl_config.o (.rodata.gPWM_AConfig)
                  00001fa8    00000008     ti_msp_dl_config.o (.rodata.gPWM_BConfig)
                  00001fb0    00000003     ti_msp_dl_config.o (.rodata.gPWM_AClockConfig)
                  00001fb3    00000003     ti_msp_dl_config.o (.rodata.gPWM_BClockConfig)
                  00001fb6    00000003     ti_msp_dl_config.o (.rodata.gTIMER_0ClockConfig)
                  00001fb9    00000002     ti_msp_dl_config.o (.rodata.gUART_0ClockConfig)
                  00001fbb    00000005     --HOLE-- [fill = 0]

.init_array 
*          0    00000000    00000000     UNINITIALIZED

.binit     0    00000000    00000000     

.bss       0    20200000    00000164     UNINITIALIZED
                  20200000    000000bc     (.common:gTIMER_0Backup)
                  202000bc    000000a0     (.common:gPWM_ABackup)
                  2020015c    00000001     (.common:L)
                  2020015d    00000001     (.common:L1)
                  2020015e    00000001     (.common:L2)
                  2020015f    00000001     (.common:L3)
                  20200160    00000001     (.common:L4)
                  20200161    00000001     (.common:L5)
                  20200162    00000001     (.common:L6)
                  20200163    00000001     (.common:L7)

.data      0    20200164    0000002e     UNINITIALIZED
                  20200164    0000002c     empty.o (.data.A)
                  20200190    00000002     empty.o (.data.TIMA0_IRQHandler.count)

.stack     0    20207e00    00000200     UNINITIALIZED
                  20207e00    00000004     libc.a : boot_cortex_m.c.obj (.stack)
                  20207e04    000001fc     --HOLE--

__llvm_prf_cnts 
*          0    20200000    00000000     UNINITIALIZED

__llvm_prf_bits 
*          0    20200000    00000000     UNINITIALIZED

MODULE SUMMARY

       Module                         code   ro data   rw data
       ------                         ----   -------   -------
    .\
       OLED.o                         2632   1520      0      
       ti_msp_dl_config.o             812    65        348    
       empty.o                        424    9         46     
       startup_mspm0g350x_ticlang.o   6      192       0      
       PID.o                          188    0         0      
       xunji.o                        110    0         8      
       PWM.o                          92     0         0      
       Motor.o                        88     0         0      
       LED.o                          12     0         0      
       Key.o                          2      0         0      
    +--+------------------------------+------+---------+---------+
       Total:                         4366   1786      402    
                                                              
    D:/LeStoreDownload/CCS/mspm0sdk/mspm0_sdk_2_06_00_05/source/ti/driverlib/lib/ticlang/m0p/mspm0g1x0x_g3x0x/driverlib.a
       dl_timer.o                     608    0         0      
       dl_uart.o                      90     0         0      
       dl_adc12.o                     64     0         0      
       dl_common.o                    10     0         0      
    +--+------------------------------+------+---------+---------+
       Total:                         772    0         0      
                                                              
    D:\LeStoreDownload\CCS\app\ccs\tools\compiler\ti-cgt-armllvm_4.0.3.LTS\lib\armv6m-ti-none-eabi/c/libc.a
       memcpy16.S.obj                 154    0         0      
       copy_decompress_lzss.c.obj     124    0         0      
       autoinit.c.obj                 60     0         0      
       boot_cortex_m.c.obj            40     0         0      
       copy_zero_init.c.obj           22     0         0      
       copy_decompress_none.c.obj     18     0         0      
       exit.c.obj                     6      0         0      
       pre_init.c.obj                 4      0         0      
    +--+------------------------------+------+---------+---------+
       Total:                         428    0         0      
                                                              
    D:\LeStoreDownload\CCS\app\ccs\tools\compiler\ti-cgt-armllvm_4.0.3.LTS\lib\armv6m-ti-none-eabi/c/libsysbm.a
       hostexit.c.obj                 4      0         0      
    +--+------------------------------+------+---------+---------+
       Total:                         4      0         0      
                                                              
    D:\LeStoreDownload\CCS\app\ccs\tools\compiler\ti-cgt-armllvm_4.0.3.LTS\lib\armv6m-ti-none-eabi/libclang_rt.builtins.a
       addsf3.S.obj                   216    0         0      
       mulsf3.S.obj                   140    0         0      
       comparesf2.S.obj               118    0         0      
       aeabi_fcmp.S.obj               98     0         0      
       floatsisf.S.obj                60     0         0      
       muldsi3.S.obj                  58     0         0      
       fixsfsi.S.obj                  56     0         0      
       aeabi_memcpy.S.obj             8      0         0      
    +--+------------------------------+------+---------+---------+
       Total:                         754    0         0      
                                                              
       Stack:                         0      0         512    
       Linker Generated:              0      67        0      
    +--+------------------------------+------+---------+---------+
       Grand Total:                   6324   1853      914    


LINKER GENERATED COPY TABLES

__TI_cinit_table @ 00001ff4 records: 2, size/record: 8, table size: 16
	.data: load addr=00001fc0, load size=0000001f bytes, run addr=20200164, run size=0000002e bytes, compression=lzss
	.bss: load addr=00001fec, load size=00000008 bytes, run addr=20200000, run size=00000164 bytes, compression=zero_init


LINKER GENERATED HANDLER TABLE

__TI_handler_table @ 00001fe0 records: 3, size/record: 4, table size: 12
	index: 0, handler: __TI_decompress_lzss
	index: 1, handler: __TI_decompress_none
	index: 2, handler: __TI_zero_init


GLOBAL SYMBOLS: SORTED ALPHABETICALLY BY Name 

address   name                            
-------   ----                            
20200164  A                               
00001053  ADC0_IRQHandler                 
00001053  ADC1_IRQHandler                 
00001053  AES_IRQHandler                  
0000196e  C$$EXIT                         
00001053  CANFD0_IRQHandler               
00001053  DAC0_IRQHandler                 
00001541  DL_ADC12_setClockConfig         
00001955  DL_Common_delayCycles           
00000b61  DL_Timer_initFourCCPWMMode      
00000c65  DL_Timer_initTimerMode          
00001891  DL_Timer_setCaptCompUpdateMethod
000018e5  DL_Timer_setCaptureCompareOutCtl
00001939  DL_Timer_setCaptureCompareValue 
000018ad  DL_Timer_setClockConfig         
000014b1  DL_UART_init                    
00001913  DL_UART_setClockConfig          
00001053  DMA_IRQHandler                  
00001053  Default_Handler                 
00001053  GROUP0_IRQHandler               
00001053  GROUP1_IRQHandler               
0000196f  HOSTexit                        
00001053  HardFault_Handler               
00001053  I2C0_IRQHandler                 
00001053  I2C1_IRQHandler                 
000013fb  Key_Init                        
2020015c  L                               
2020015d  L1                              
2020015e  L2                              
2020015f  L3                              
20200160  L4                              
20200161  L5                              
20200162  L6                              
20200163  L7                              
00001949  LED_Init                        
000017d1  MotorA_SetPWM                   
000017fd  MotorB_SetPWM                   
00001053  NMI_Handler                     
00001980  OLED_F8x16                      
00000799  OLED_Init                       
00000e39  OLED_ShowChar                   
0000145d  OLED_ShowString                 
000000c1  OLED_WriteCommand               
00000435  OLED_WriteData                  
00000efd  PID_Update                      
000018c9  PWM_Init                        
00001851  PWM_SetDuty_CH0                 
00001871  PWM_SetDuty_CH1                 
00001053  PendSV_Handler                  
00001053  RTC_IRQHandler                  
00001973  Reset_Handler                   
00001053  SPI0_IRQHandler                 
00001053  SPI1_IRQHandler                 
00001053  SVC_Handler                     
000014f9  SYSCFG_DL_ADC12_0_init          
000010e1  SYSCFG_DL_GPIO_init             
000011dd  SYSCFG_DL_PWM_A_init            
0000124d  SYSCFG_DL_PWM_B_init            
00001581  SYSCFG_DL_SYSCTL_init           
00001729  SYSCFG_DL_TIMER_0_init          
000012bd  SYSCFG_DL_UART_0_init           
000015c1  SYSCFG_DL_init                  
000013fd  SYSCFG_DL_initPower             
00001053  SysTick_Handler                 
00001761  TIMA0_IRQHandler                
00001053  TIMA1_IRQHandler                
00001053  TIMG0_IRQHandler                
00001053  TIMG12_IRQHandler               
00001053  TIMG6_IRQHandler                
00001053  TIMG7_IRQHandler                
00001053  TIMG8_IRQHandler                
00001053  UART0_IRQHandler                
00001053  UART1_IRQHandler                
00001053  UART2_IRQHandler                
00001053  UART3_IRQHandler                
20208000  __STACK_END                     
00000200  __STACK_SIZE                    
00000000  __TI_ATRegion0_region_sz        
00000000  __TI_ATRegion0_src_addr         
00000000  __TI_ATRegion0_trg_addr         
00000000  __TI_ATRegion1_region_sz        
00000000  __TI_ATRegion1_src_addr         
00000000  __TI_ATRegion1_trg_addr         
00000000  __TI_ATRegion2_region_sz        
00000000  __TI_ATRegion2_src_addr         
00000000  __TI_ATRegion2_trg_addr         
00001ff4  __TI_CINIT_Base                 
00002004  __TI_CINIT_Limit                
00002004  __TI_CINIT_Warm                 
00001fe0  __TI_Handler_Table_Base         
00001fec  __TI_Handler_Table_Limit        
00001675  __TI_auto_init_nobinit_nopinit  
00001161  __TI_decompress_lzss            
00001925  __TI_decompress_none            
ffffffff  __TI_pprof_out_hndl             
ffffffff  __TI_prof_data_size             
ffffffff  __TI_prof_data_start            
00000000  __TI_static_base__              
000018fd  __TI_zero_init_nomemset         
00000d6b  __addsf3                        
00001799  __aeabi_f2iz                    
00000d6b  __aeabi_fadd                    
00001399  __aeabi_fcmpeq                  
000013d5  __aeabi_fcmpge                  
000013e9  __aeabi_fcmpgt                  
000013c1  __aeabi_fcmple                  
000013ad  __aeabi_fcmplt                  
00001055  __aeabi_fmul                    
00000d61  __aeabi_fsub                    
000015fd  __aeabi_i2f                     
00001961  __aeabi_memcpy                  
00001961  __aeabi_memcpy4                 
00001961  __aeabi_memcpy8                 
ffffffff  __binit__                       
000016b1  __cmpsf2                        
000016b1  __eqsf2                         
00001799  __fixsfsi                       
000015fd  __floatsisf                     
00001639  __gesf2                         
00001639  __gtsf2                         
000016b1  __lesf2                         
000016b1  __ltsf2                         
UNDEFED   __mpu_init                      
000016ed  __muldsi3                       
00001055  __mulsf3                        
000016b1  __nesf2                         
20207e00  __stack                         
20200000  __start___llvm_prf_bits         
20200000  __start___llvm_prf_cnts         
20200000  __stop___llvm_prf_bits          
20200000  __stop___llvm_prf_cnts          
00000d61  __subsf3                        
00001829  _c_int00_noargs                 
UNDEFED   _system_post_cinit              
00001977  _system_pre_init                
00001969  abort                           
ffffffff  binit                           
0000132d  f1                              
202000bc  gPWM_ABackup                    
20200000  gTIMER_0Backup                  
00000000  interruptVectors                
000009f1  main                            
00000fb9  memcpy                          
000016eb  xunji_Init                      


GLOBAL SYMBOLS: SORTED BY Symbol Address 

address   name                            
-------   ----                            
00000000  __TI_ATRegion0_region_sz        
00000000  __TI_ATRegion0_src_addr         
00000000  __TI_ATRegion0_trg_addr         
00000000  __TI_ATRegion1_region_sz        
00000000  __TI_ATRegion1_src_addr         
00000000  __TI_ATRegion1_trg_addr         
00000000  __TI_ATRegion2_region_sz        
00000000  __TI_ATRegion2_src_addr         
00000000  __TI_ATRegion2_trg_addr         
00000000  __TI_static_base__              
00000000  interruptVectors                
000000c1  OLED_WriteCommand               
00000200  __STACK_SIZE                    
00000435  OLED_WriteData                  
00000799  OLED_Init                       
000009f1  main                            
00000b61  DL_Timer_initFourCCPWMMode      
00000c65  DL_Timer_initTimerMode          
00000d61  __aeabi_fsub                    
00000d61  __subsf3                        
00000d6b  __addsf3                        
00000d6b  __aeabi_fadd                    
00000e39  OLED_ShowChar                   
00000efd  PID_Update                      
00000fb9  memcpy                          
00001053  ADC0_IRQHandler                 
00001053  ADC1_IRQHandler                 
00001053  AES_IRQHandler                  
00001053  CANFD0_IRQHandler               
00001053  DAC0_IRQHandler                 
00001053  DMA_IRQHandler                  
00001053  Default_Handler                 
00001053  GROUP0_IRQHandler               
00001053  GROUP1_IRQHandler               
00001053  HardFault_Handler               
00001053  I2C0_IRQHandler                 
00001053  I2C1_IRQHandler                 
00001053  NMI_Handler                     
00001053  PendSV_Handler                  
00001053  RTC_IRQHandler                  
00001053  SPI0_IRQHandler                 
00001053  SPI1_IRQHandler                 
00001053  SVC_Handler                     
00001053  SysTick_Handler                 
00001053  TIMA1_IRQHandler                
00001053  TIMG0_IRQHandler                
00001053  TIMG12_IRQHandler               
00001053  TIMG6_IRQHandler                
00001053  TIMG7_IRQHandler                
00001053  TIMG8_IRQHandler                
00001053  UART0_IRQHandler                
00001053  UART1_IRQHandler                
00001053  UART2_IRQHandler                
00001053  UART3_IRQHandler                
00001055  __aeabi_fmul                    
00001055  __mulsf3                        
000010e1  SYSCFG_DL_GPIO_init             
00001161  __TI_decompress_lzss            
000011dd  SYSCFG_DL_PWM_A_init            
0000124d  SYSCFG_DL_PWM_B_init            
000012bd  SYSCFG_DL_UART_0_init           
0000132d  f1                              
00001399  __aeabi_fcmpeq                  
000013ad  __aeabi_fcmplt                  
000013c1  __aeabi_fcmple                  
000013d5  __aeabi_fcmpge                  
000013e9  __aeabi_fcmpgt                  
000013fb  Key_Init                        
000013fd  SYSCFG_DL_initPower             
0000145d  OLED_ShowString                 
000014b1  DL_UART_init                    
000014f9  SYSCFG_DL_ADC12_0_init          
00001541  DL_ADC12_setClockConfig         
00001581  SYSCFG_DL_SYSCTL_init           
000015c1  SYSCFG_DL_init                  
000015fd  __aeabi_i2f                     
000015fd  __floatsisf                     
00001639  __gesf2                         
00001639  __gtsf2                         
00001675  __TI_auto_init_nobinit_nopinit  
000016b1  __cmpsf2                        
000016b1  __eqsf2                         
000016b1  __lesf2                         
000016b1  __ltsf2                         
000016b1  __nesf2                         
000016eb  xunji_Init                      
000016ed  __muldsi3                       
00001729  SYSCFG_DL_TIMER_0_init          
00001761  TIMA0_IRQHandler                
00001799  __aeabi_f2iz                    
00001799  __fixsfsi                       
000017d1  MotorA_SetPWM                   
000017fd  MotorB_SetPWM                   
00001829  _c_int00_noargs                 
00001851  PWM_SetDuty_CH0                 
00001871  PWM_SetDuty_CH1                 
00001891  DL_Timer_setCaptCompUpdateMethod
000018ad  DL_Timer_setClockConfig         
000018c9  PWM_Init                        
000018e5  DL_Timer_setCaptureCompareOutCtl
000018fd  __TI_zero_init_nomemset         
00001913  DL_UART_setClockConfig          
00001925  __TI_decompress_none            
00001939  DL_Timer_setCaptureCompareValue 
00001949  LED_Init                        
00001955  DL_Common_delayCycles           
00001961  __aeabi_memcpy                  
00001961  __aeabi_memcpy4                 
00001961  __aeabi_memcpy8                 
00001969  abort                           
0000196e  C$$EXIT                         
0000196f  HOSTexit                        
00001973  Reset_Handler                   
00001977  _system_pre_init                
00001980  OLED_F8x16                      
00001fe0  __TI_Handler_Table_Base         
00001fec  __TI_Handler_Table_Limit        
00001ff4  __TI_CINIT_Base                 
00002004  __TI_CINIT_Limit                
00002004  __TI_CINIT_Warm                 
20200000  __start___llvm_prf_bits         
20200000  __start___llvm_prf_cnts         
20200000  __stop___llvm_prf_bits          
20200000  __stop___llvm_prf_cnts          
20200000  gTIMER_0Backup                  
202000bc  gPWM_ABackup                    
2020015c  L                               
2020015d  L1                              
2020015e  L2                              
2020015f  L3                              
20200160  L4                              
20200161  L5                              
20200162  L6                              
20200163  L7                              
20200164  A                               
20207e00  __stack                         
20208000  __STACK_END                     
ffffffff  __TI_pprof_out_hndl             
ffffffff  __TI_prof_data_size             
ffffffff  __TI_prof_data_start            
ffffffff  __binit__                       
ffffffff  binit                           
UNDEFED   __mpu_init                      
UNDEFED   _system_post_cinit              

[144 symbols]
