******************************************************************************
            TI ARM Clang Linker PC v4.0.4                      
******************************************************************************
>> Linked Tue Jun  2 22:27:07 2026

OUTPUT FILE NAME:   <empty.out>
ENTRY POINT SYMBOL: "_c_int00_noargs"  address: 00000cf5


MEMORY CONFIGURATION

         name            origin    length      used     unused   attr    fill
----------------------  --------  ---------  --------  --------  ----  --------
  FLASH                 00000000   00020000  00000eb8  0001f148  R  X
  SRAM                  20200000   00008000  000002f2  00007d0e  RW X
  BCR_CONFIG            41c00000   000000ff  00000000  000000ff  R   
  BSL_CONFIG            41c00100   00000080  00000000  00000080  R   


SEGMENT ALLOCATION MAP

run origin  load origin   length   init length attrs members
----------  ----------- ---------- ----------- ----- -------
00000000    00000000    00000eb8   00000eb8    r-x
  00000000    00000000    000000c0   000000c0    r-- .intvecs
  000000c0    000000c0    00000d80   00000d80    r-x .text
  00000e40    00000e40    00000030   00000030    r-- .rodata
  00000e70    00000e70    00000048   00000048    r-- .cinit
20200000    20200000    000000f2   00000000    rw-
  20200000    20200000    000000c4   00000000    rw- .bss
  202000c4    202000c4    0000002e   00000000    rw- .data
20207e00    20207e00    00000200   00000000    rw-
  20207e00    20207e00    00000200   00000000    rw- .stack


SECTION ALLOCATION MAP

 output                                  attributes/
section   page    origin      length       input sections
--------  ----  ----------  ----------   ----------------
.intvecs   0    00000000    000000c0     
                  00000000    000000c0     startup_mspm0g350x_ticlang.o (.intvecs)

.text      0    000000c0    00000d80     
                  000000c0    0000015c     empty.o (.text.main)
                  0000021c    00000104     driverlib.a : dl_timer.o (.text.DL_Timer_initFourCCPWMMode)
                  00000320    000000fc                 : dl_timer.o (.text.DL_Timer_initTimerMode)
                  0000041c    000000d8     libclang_rt.builtins.a : addsf3.S.obj (.text)
                  000004f4    000000bc     PID.o (.text.PID_Update)
                  000005b0    000000ac     ti_msp_dl_config.o (.text.SYSCFG_DL_GPIO_init)
                  0000065c    0000009a     libc.a : memcpy16.S.obj (.text:memcpy)
                  000006f6    00000002     startup_mspm0g350x_ticlang.o (.text.Default_Handler)
                  000006f8    0000008c     ti_msp_dl_config.o (.text.SYSCFG_DL_PWM_0_init)
                  00000784    0000008c     libclang_rt.builtins.a : mulsf3.S.obj (.text.__mulsf3)
                  00000810    0000007c     libc.a : copy_decompress_lzss.c.obj (.text:decompress:lzss)
                  0000088c    00000070     ti_msp_dl_config.o (.text.SYSCFG_DL_UART_0_init)
                  000008fc    00000070     xunji.o (.text.f1)
                  0000096c    00000062     libclang_rt.builtins.a : aeabi_fcmp.S.obj (.text.__aeabi_fcmp)
                  000009ce    00000002     Key.o (.text.Key_Init)
                  000009d0    00000048     driverlib.a : dl_uart.o (.text.DL_UART_init)
                  00000a18    00000048     ti_msp_dl_config.o (.text.SYSCFG_DL_initPower)
                  00000a60    00000040     ti_msp_dl_config.o (.text.SYSCFG_DL_SYSCTL_init)
                  00000aa0    0000003c     libclang_rt.builtins.a : floatsisf.S.obj (.text.__floatsisf)
                  00000adc    0000003c                            : comparesf2.S.obj (.text.__gtsf2)
                  00000b18    0000003c     libc.a : autoinit.c.obj (.text:__TI_auto_init_nobinit_nopinit)
                  00000b54    0000003a     libclang_rt.builtins.a : comparesf2.S.obj (.text.__eqsf2)
                  00000b8e    00000002     xunji.o (.text.xunji_Init)
                  00000b90    0000003a     libclang_rt.builtins.a : muldsi3.S.obj (.text.__muldsi3)
                  00000bca    00000002     --HOLE-- [fill = 0]
                  00000bcc    00000038     ti_msp_dl_config.o (.text.SYSCFG_DL_TIMER_0_init)
                  00000c04    00000038     empty.o (.text.TIMA0_IRQHandler)
                  00000c3c    00000038     libclang_rt.builtins.a : fixsfsi.S.obj (.text.__fixsfsi)
                  00000c74    0000002c     Motor.o (.text.MotorA_SetPWM)
                  00000ca0    0000002c     Motor.o (.text.MotorB_SetPWM)
                  00000ccc    00000028     ti_msp_dl_config.o (.text.SYSCFG_DL_init)
                  00000cf4    00000028     libc.a : boot_cortex_m.c.obj (.text:_c_int00_noargs)
                  00000d1c    00000020     PWM.o (.text.PWM_SetDuty_CH0)
                  00000d3c    00000020     PWM.o (.text.PWM_SetDuty_CH1)
                  00000d5c    0000001c     driverlib.a : dl_timer.o (.text.DL_Timer_setCaptCompUpdateMethod)
                  00000d78    0000001c                 : dl_timer.o (.text.DL_Timer_setClockConfig)
                  00000d94    00000018                 : dl_timer.o (.text.DL_Timer_setCaptureCompareOutCtl)
                  00000dac    00000016     libc.a : copy_zero_init.c.obj (.text:decompress:ZI:__TI_zero_init_nomemset)
                  00000dc2    00000012     driverlib.a : dl_uart.o (.text.DL_UART_setClockConfig)
                  00000dd4    00000012     libc.a : copy_decompress_none.c.obj (.text:decompress:none)
                  00000de6    00000002     --HOLE-- [fill = 0]
                  00000de8    00000010     driverlib.a : dl_timer.o (.text.DL_Timer_setCaptureCompareValue)
                  00000df8    00000010     PWM.o (.text.PWM_Init)
                  00000e08    0000000c     LED.o (.text.LED_Init)
                  00000e14    0000000a     driverlib.a : dl_common.o (.text.DL_Common_delayCycles)
                  00000e1e    00000002     --HOLE-- [fill = 0]
                  00000e20    00000008     libclang_rt.builtins.a : aeabi_memcpy.S.obj (.text.__aeabi_memcpy)
                  00000e28    00000006     libc.a : exit.c.obj (.text:abort)
                  00000e2e    00000004     libsysbm.a : hostexit.c.obj (.text.HOSTexit)
                  00000e32    00000004     startup_mspm0g350x_ticlang.o (.text.Reset_Handler)
                  00000e36    00000004     libc.a : pre_init.c.obj (.text._system_pre_init)
                  00000e3a    00000006     --HOLE-- [fill = 0]

.cinit     0    00000e70    00000048     
                  00000e70    00000020     (.cinit..data.load) [load image, compression = lzss]
                  00000e90    0000000c     (__TI_handler_table)
                  00000e9c    00000008     (.cinit..bss.load) [load image, compression = zero_init]
                  00000ea4    00000010     (__TI_cinit_table)
                  00000eb4    00000004     --HOLE-- [fill = 0]

.rodata    0    00000e40    00000030     
                  00000e40    00000014     ti_msp_dl_config.o (.rodata.gTIMER_0TimerConfig)
                  00000e54    0000000a     ti_msp_dl_config.o (.rodata.gUART_0Config)
                  00000e5e    00000002     ti_msp_dl_config.o (.rodata.gUART_0ClockConfig)
                  00000e60    00000008     ti_msp_dl_config.o (.rodata.gPWM_0Config)
                  00000e68    00000003     ti_msp_dl_config.o (.rodata.gPWM_0ClockConfig)
                  00000e6b    00000003     ti_msp_dl_config.o (.rodata.gTIMER_0ClockConfig)
                  00000e6e    00000002     --HOLE-- [fill = 0]

.init_array 
*          0    00000000    00000000     UNINITIALIZED

.binit     0    00000000    00000000     

.bss       0    20200000    000000c4     UNINITIALIZED
                  20200000    000000bc     (.common:gTIMER_0Backup)
                  202000bc    00000001     (.common:L)
                  202000bd    00000001     (.common:L1)
                  202000be    00000001     (.common:L2)
                  202000bf    00000001     (.common:L3)
                  202000c0    00000001     (.common:L4)
                  202000c1    00000001     (.common:L5)
                  202000c2    00000001     (.common:L6)
                  202000c3    00000001     (.common:L7)

.data      0    202000c4    0000002e     UNINITIALIZED
                  202000c4    0000002c     empty.o (.data.A)
                  202000f0    00000002     empty.o (.data.TIMA0_IRQHandler.count)

.stack     0    20207e00    00000200     UNINITIALIZED
                  20207e00    00000004     libc.a : boot_cortex_m.c.obj (.stack)
                  20207e04    000001fc     --HOLE--

__llvm_prf_cnts 
*          0    20200000    00000000     UNINITIALIZED

__llvm_prf_bits 
*          0    20200000    00000000     UNINITIALIZED

MODULE SUMMARY

       Module                         code   ro data   rw data
       ------                         ----   -------   -------
    .\
       ti_msp_dl_config.o             656    46        188    
       empty.o                        404    0         46     
       startup_mspm0g350x_ticlang.o   6      192       0      
       PID.o                          188    0         0      
       xunji.o                        114    0         8      
       Motor.o                        88     0         0      
       PWM.o                          80     0         0      
       LED.o                          12     0         0      
       Key.o                          2      0         0      
    +--+------------------------------+------+---------+---------+
       Total:                         1550   238       242    
                                                              
    C:/TI/mspm0_sdk_2_10_00_04/source/ti/driverlib/lib/ticlang/m0p/mspm0g1x0x_g3x0x/driverlib.a
       dl_timer.o                     608    0         0      
       dl_uart.o                      90     0         0      
       dl_common.o                    10     0         0      
    +--+------------------------------+------+---------+---------+
       Total:                         708    0         0      
                                                              
    D:\TI\CCS\ccs\tools\compiler\ti-cgt-armllvm_4.0.4.LTS\lib\armv6m-ti-none-eabi/c/libc.a
       memcpy16.S.obj                 154    0         0      
       copy_decompress_lzss.c.obj     124    0         0      
       autoinit.c.obj                 60     0         0      
       boot_cortex_m.c.obj            40     0         0      
       copy_zero_init.c.obj           22     0         0      
       copy_decompress_none.c.obj     18     0         0      
       exit.c.obj                     6      0         0      
       pre_init.c.obj                 4      0         0      
    +--+------------------------------+------+---------+---------+
       Total:                         428    0         0      
                                                              
    D:\TI\CCS\ccs\tools\compiler\ti-cgt-armllvm_4.0.4.LTS\lib\armv6m-ti-none-eabi/c/libsysbm.a
       hostexit.c.obj                 4      0         0      
    +--+------------------------------+------+---------+---------+
       Total:                         4      0         0      
                                                              
    D:\TI\CCS\ccs\tools\compiler\ti-cgt-armllvm_4.0.4.LTS\lib\armv6m-ti-none-eabi/libclang_rt.builtins.a
       addsf3.S.obj                   216    0         0      
       mulsf3.S.obj                   140    0         0      
       comparesf2.S.obj               118    0         0      
       aeabi_fcmp.S.obj               98     0         0      
       floatsisf.S.obj                60     0         0      
       muldsi3.S.obj                  58     0         0      
       fixsfsi.S.obj                  56     0         0      
       aeabi_memcpy.S.obj             8      0         0      
    +--+------------------------------+------+---------+---------+
       Total:                         754    0         0      
                                                              
       Stack:                         0      0         512    
       Linker Generated:              0      68        0      
    +--+------------------------------+------+---------+---------+
       Grand Total:                   3444   306       754    


LINKER GENERATED COPY TABLES

__TI_cinit_table @ 00000ea4 records: 2, size/record: 8, table size: 16
	.data: load addr=00000e70, load size=00000020 bytes, run addr=202000c4, run size=0000002e bytes, compression=lzss
	.bss: load addr=00000e9c, load size=00000008 bytes, run addr=20200000, run size=000000c4 bytes, compression=zero_init


LINKER GENERATED HANDLER TABLE

__TI_handler_table @ 00000e90 records: 3, size/record: 4, table size: 12
	index: 0, handler: __TI_decompress_lzss
	index: 1, handler: __TI_decompress_none
	index: 2, handler: __TI_zero_init


GLOBAL SYMBOLS: SORTED ALPHABETICALLY BY Name 

address   name                            
-------   ----                            
202000c4  A                               
000006f7  ADC0_IRQHandler                 
000006f7  ADC1_IRQHandler                 
000006f7  AES_IRQHandler                  
00000e2e  C$$EXIT                         
000006f7  CANFD0_IRQHandler               
000006f7  DAC0_IRQHandler                 
00000e15  DL_Common_delayCycles           
0000021d  DL_Timer_initFourCCPWMMode      
00000321  DL_Timer_initTimerMode          
00000d5d  DL_Timer_setCaptCompUpdateMethod
00000d95  DL_Timer_setCaptureCompareOutCtl
00000de9  DL_Timer_setCaptureCompareValue 
00000d79  DL_Timer_setClockConfig         
000009d1  DL_UART_init                    
00000dc3  DL_UART_setClockConfig          
000006f7  DMA_IRQHandler                  
000006f7  Default_Handler                 
000006f7  GROUP0_IRQHandler               
000006f7  GROUP1_IRQHandler               
00000e2f  HOSTexit                        
000006f7  HardFault_Handler               
000006f7  I2C0_IRQHandler                 
000006f7  I2C1_IRQHandler                 
000009cf  Key_Init                        
202000bc  L                               
202000bd  L1                              
202000be  L2                              
202000bf  L3                              
202000c0  L4                              
202000c1  L5                              
202000c2  L6                              
202000c3  L7                              
00000e09  LED_Init                        
00000c75  MotorA_SetPWM                   
00000ca1  MotorB_SetPWM                   
000006f7  NMI_Handler                     
000004f5  PID_Update                      
00000df9  PWM_Init                        
00000d1d  PWM_SetDuty_CH0                 
00000d3d  PWM_SetDuty_CH1                 
000006f7  PendSV_Handler                  
000006f7  RTC_IRQHandler                  
00000e33  Reset_Handler                   
000006f7  SPI0_IRQHandler                 
000006f7  SPI1_IRQHandler                 
000006f7  SVC_Handler                     
000005b1  SYSCFG_DL_GPIO_init             
000006f9  SYSCFG_DL_PWM_0_init            
00000a61  SYSCFG_DL_SYSCTL_init           
00000bcd  SYSCFG_DL_TIMER_0_init          
0000088d  SYSCFG_DL_UART_0_init           
00000ccd  SYSCFG_DL_init                  
00000a19  SYSCFG_DL_initPower             
000006f7  SysTick_Handler                 
00000c05  TIMA0_IRQHandler                
000006f7  TIMA1_IRQHandler                
000006f7  TIMG0_IRQHandler                
000006f7  TIMG12_IRQHandler               
000006f7  TIMG6_IRQHandler                
000006f7  TIMG7_IRQHandler                
000006f7  TIMG8_IRQHandler                
000006f7  UART0_IRQHandler                
000006f7  UART1_IRQHandler                
000006f7  UART2_IRQHandler                
000006f7  UART3_IRQHandler                
20208000  __STACK_END                     
00000200  __STACK_SIZE                    
00000000  __TI_ATRegion0_region_sz        
00000000  __TI_ATRegion0_src_addr         
00000000  __TI_ATRegion0_trg_addr         
00000000  __TI_ATRegion1_region_sz        
00000000  __TI_ATRegion1_src_addr         
00000000  __TI_ATRegion1_trg_addr         
00000000  __TI_ATRegion2_region_sz        
00000000  __TI_ATRegion2_src_addr         
00000000  __TI_ATRegion2_trg_addr         
00000ea4  __TI_CINIT_Base                 
00000eb4  __TI_CINIT_Limit                
00000eb4  __TI_CINIT_Warm                 
00000e90  __TI_Handler_Table_Base         
00000e9c  __TI_Handler_Table_Limit        
00000b19  __TI_auto_init_nobinit_nopinit  
00000811  __TI_decompress_lzss            
00000dd5  __TI_decompress_none            
ffffffff  __TI_pprof_out_hndl             
ffffffff  __TI_prof_data_size             
ffffffff  __TI_prof_data_start            
00000000  __TI_static_base__              
00000dad  __TI_zero_init_nomemset         
00000427  __addsf3                        
00000c3d  __aeabi_f2iz                    
00000427  __aeabi_fadd                    
0000096d  __aeabi_fcmpeq                  
000009a9  __aeabi_fcmpge                  
000009bd  __aeabi_fcmpgt                  
00000995  __aeabi_fcmple                  
00000981  __aeabi_fcmplt                  
00000785  __aeabi_fmul                    
0000041d  __aeabi_fsub                    
00000aa1  __aeabi_i2f                     
00000e21  __aeabi_memcpy                  
00000e21  __aeabi_memcpy4                 
00000e21  __aeabi_memcpy8                 
ffffffff  __binit__                       
00000b55  __cmpsf2                        
00000b55  __eqsf2                         
00000c3d  __fixsfsi                       
00000aa1  __floatsisf                     
00000add  __gesf2                         
00000add  __gtsf2                         
00000b55  __lesf2                         
00000b55  __ltsf2                         
UNDEFED   __mpu_init                      
00000b91  __muldsi3                       
00000785  __mulsf3                        
00000b55  __nesf2                         
20207e00  __stack                         
20200000  __start___llvm_prf_bits         
20200000  __start___llvm_prf_cnts         
20200000  __stop___llvm_prf_bits          
20200000  __stop___llvm_prf_cnts          
0000041d  __subsf3                        
00000cf5  _c_int00_noargs                 
UNDEFED   _system_post_cinit              
00000e37  _system_pre_init                
00000e29  abort                           
ffffffff  binit                           
000008fd  f1                              
20200000  gTIMER_0Backup                  
00000000  interruptVectors                
000000c1  main                            
0000065d  memcpy                          
00000b8f  xunji_Init                      


GLOBAL SYMBOLS: SORTED BY Symbol Address 

address   name                            
-------   ----                            
00000000  __TI_ATRegion0_region_sz        
00000000  __TI_ATRegion0_src_addr         
00000000  __TI_ATRegion0_trg_addr         
00000000  __TI_ATRegion1_region_sz        
00000000  __TI_ATRegion1_src_addr         
00000000  __TI_ATRegion1_trg_addr         
00000000  __TI_ATRegion2_region_sz        
00000000  __TI_ATRegion2_src_addr         
00000000  __TI_ATRegion2_trg_addr         
00000000  __TI_static_base__              
00000000  interruptVectors                
000000c1  main                            
00000200  __STACK_SIZE                    
0000021d  DL_Timer_initFourCCPWMMode      
00000321  DL_Timer_initTimerMode          
0000041d  __aeabi_fsub                    
0000041d  __subsf3                        
00000427  __addsf3                        
00000427  __aeabi_fadd                    
000004f5  PID_Update                      
000005b1  SYSCFG_DL_GPIO_init             
0000065d  memcpy                          
000006f7  ADC0_IRQHandler                 
000006f7  ADC1_IRQHandler                 
000006f7  AES_IRQHandler                  
000006f7  CANFD0_IRQHandler               
000006f7  DAC0_IRQHandler                 
000006f7  DMA_IRQHandler                  
000006f7  Default_Handler                 
000006f7  GROUP0_IRQHandler               
000006f7  GROUP1_IRQHandler               
000006f7  HardFault_Handler               
000006f7  I2C0_IRQHandler                 
000006f7  I2C1_IRQHandler                 
000006f7  NMI_Handler                     
000006f7  PendSV_Handler                  
000006f7  RTC_IRQHandler                  
000006f7  SPI0_IRQHandler                 
000006f7  SPI1_IRQHandler                 
000006f7  SVC_Handler                     
000006f7  SysTick_Handler                 
000006f7  TIMA1_IRQHandler                
000006f7  TIMG0_IRQHandler                
000006f7  TIMG12_IRQHandler               
000006f7  TIMG6_IRQHandler                
000006f7  TIMG7_IRQHandler                
000006f7  TIMG8_IRQHandler                
000006f7  UART0_IRQHandler                
000006f7  UART1_IRQHandler                
000006f7  UART2_IRQHandler                
000006f7  UART3_IRQHandler                
000006f9  SYSCFG_DL_PWM_0_init            
00000785  __aeabi_fmul                    
00000785  __mulsf3                        
00000811  __TI_decompress_lzss            
0000088d  SYSCFG_DL_UART_0_init           
000008fd  f1                              
0000096d  __aeabi_fcmpeq                  
00000981  __aeabi_fcmplt                  
00000995  __aeabi_fcmple                  
000009a9  __aeabi_fcmpge                  
000009bd  __aeabi_fcmpgt                  
000009cf  Key_Init                        
000009d1  DL_UART_init                    
00000a19  SYSCFG_DL_initPower             
00000a61  SYSCFG_DL_SYSCTL_init           
00000aa1  __aeabi_i2f                     
00000aa1  __floatsisf                     
00000add  __gesf2                         
00000add  __gtsf2                         
00000b19  __TI_auto_init_nobinit_nopinit  
00000b55  __cmpsf2                        
00000b55  __eqsf2                         
00000b55  __lesf2                         
00000b55  __ltsf2                         
00000b55  __nesf2                         
00000b8f  xunji_Init                      
00000b91  __muldsi3                       
00000bcd  SYSCFG_DL_TIMER_0_init          
00000c05  TIMA0_IRQHandler                
00000c3d  __aeabi_f2iz                    
00000c3d  __fixsfsi                       
00000c75  MotorA_SetPWM                   
00000ca1  MotorB_SetPWM                   
00000ccd  SYSCFG_DL_init                  
00000cf5  _c_int00_noargs                 
00000d1d  PWM_SetDuty_CH0                 
00000d3d  PWM_SetDuty_CH1                 
00000d5d  DL_Timer_setCaptCompUpdateMethod
00000d79  DL_Timer_setClockConfig         
00000d95  DL_Timer_setCaptureCompareOutCtl
00000dad  __TI_zero_init_nomemset         
00000dc3  DL_UART_setClockConfig          
00000dd5  __TI_decompress_none            
00000de9  DL_Timer_setCaptureCompareValue 
00000df9  PWM_Init                        
00000e09  LED_Init                        
00000e15  DL_Common_delayCycles           
00000e21  __aeabi_memcpy                  
00000e21  __aeabi_memcpy4                 
00000e21  __aeabi_memcpy8                 
00000e29  abort                           
00000e2e  C$$EXIT                         
00000e2f  HOSTexit                        
00000e33  Reset_Handler                   
00000e37  _system_pre_init                
00000e90  __TI_Handler_Table_Base         
00000e9c  __TI_Handler_Table_Limit        
00000ea4  __TI_CINIT_Base                 
00000eb4  __TI_CINIT_Limit                
00000eb4  __TI_CINIT_Warm                 
20200000  __start___llvm_prf_bits         
20200000  __start___llvm_prf_cnts         
20200000  __stop___llvm_prf_bits          
20200000  __stop___llvm_prf_cnts          
20200000  gTIMER_0Backup                  
202000bc  L                               
202000bd  L1                              
202000be  L2                              
202000bf  L3                              
202000c0  L4                              
202000c1  L5                              
202000c2  L6                              
202000c3  L7                              
202000c4  A                               
20207e00  __stack                         
20208000  __STACK_END                     
ffffffff  __TI_pprof_out_hndl             
ffffffff  __TI_prof_data_size             
ffffffff  __TI_prof_data_start            
ffffffff  __binit__                       
ffffffff  binit                           
UNDEFED   __mpu_init                      
UNDEFED   _system_post_cinit              

[134 symbols]
